// Jest Snapshot v1, https://goo.gl/fbAQLP

exports[`App should match the snapshot with all data passed in correctly 1`] = `
<div
  className="App"
>
  <Header />
  <Route
    component={[Function]}
    exact={true}
    path="/new-note"
  />
  <Route
    exact={true}
    path="/notes/:id"
    render={[Function]}
  />
  <Route
    component={[Function]}
    exact={true}
    path="/"
  />
</div>
`;
