// Jest Snapshot v1, https://goo.gl/fbAQLP

exports[`Error should match the snapshot 1`] = `
<div
  className="error"
>
  <h2>
    Error 404  Page Not Found
  </h2>
  <img
    alt="dumpster fire"
    className="dumpster"
    src="http://pixelartmaker.com/art/e98ded70b9e92e4.png"
  />
</div>
`;
